workflow: An unexpected error occurred: maximum recursion depth exceeded
Traceback (most recent call last):
  File "C:\Users\Ali\Desktop\Nuntius-ChannelTracker\apps\workers\pravus-generator\src\utils\workflow.py", line 303, in process_complete_task
    task_manager = get_task_manager()
                   ^^^^^^^^^^^^^^^^^^
  File "C:\Users\Ali\Desktop\Nuntius-ChannelTracker\apps\workers\pravus-generator\src\utils\workflow.py", line 23, in get_task_manager
    task_manager = get_task_manager()
                   ^^^^^^^^^^^^^^^^^^
  File "C:\Users\Ali\Desktop\Nuntius-ChannelTracker\apps\workers\pravus-generator\src\utils\workflow.py", line 23, in get_task_manager
    task_manager = get_task_manager()
                   ^^^^^^^^^^^^^^^^^^
  File "C:\Users\Ali\Desktop\Nuntius-ChannelTracker\apps\workers\pravus-generator\src\utils\workflow.py", line 23, in get_task_manager
    task_manager = get_task_manager()
                   ^^^^^^^^^^^^^^^^^^
  [Previous line repeated 4993 more times]
RecursionError: maximum recursion depth exceeded
workflow: Error updating task 51390467-7d7a-4da4-904e-bed14832bcb3 status: maximum recursion depth exceeded
Traceback (most recent call last):
  File "C:\Users\Ali\Desktop\Nuntius-ChannelTracker\apps\workers\pravus-generator\src\utils\workflow.py", line 303, in process_complete_task
    task_manager = get_task_manager()
                   ^^^^^^^^^^^^^^^^^^
  File "C:\Users\Ali\Desktop\Nuntius-ChannelTracker\apps\workers\pravus-generator\src\utils\workflow.py", line 23, in get_task_manager
    task_manager = get_task_manager()
                   ^^^^^^^^^^^^^^^^^^
  File "C:\Users\Ali\Desktop\Nuntius-ChannelTracker\apps\workers\pravus-generator\src\utils\workflow.py", line 23, in get_task_manager
    task_manager = get_task_manager()
                   ^^^^^^^^^^^^^^^^^^
  File "C:\Users\Ali\Desktop\Nuntius-ChannelTracker\apps\workers\pravus-generator\src\utils\workflow.py", line 23, in get_task_manager
    task_manager = get_task_manager()
                   ^^^^^^^^^^^^^^^^^^
  [Previous line repeated 4993 more times]
RecursionError: maximum recursion depth exceeded

During handling of the above exception, another exception occurred:

Traceback (most recent call last):
  File "C:\Users\Ali\Desktop\Nuntius-ChannelTracker\apps\workers\pravus-generator\src\utils\workflow.py", line 959, in update_task_status
    task_manager = get_task_manager()
                   ^^^^^^^^^^^^^^^^^^
  File "C:\Users\Ali\Desktop\Nuntius-ChannelTracker\apps\workers\pravus-generator\src\utils\workflow.py", line 23, in get_task_manager
    task_manager = get_task_manager()
                   ^^^^^^^^^^^^^^^^^^
  File "C:\Users\Ali\Desktop\Nuntius-ChannelTracker\apps\workers\pravus-generator\src\utils\workflow.py", line 23, in get_task_manager
    task_manager = get_task_manager()
                   ^^^^^^^^^^^^^^^^^^
  File "C:\Users\Ali\Desktop\Nuntius-ChannelTracker\apps\workers\pravus-generator\src\utils\workflow.py", line 23, in get_task_manager
    task_manager = get_task_manager()
                   ^^^^^^^^^^^^^^^^^^
  [Previous line repeated 4990 more times]
RecursionError: maximum recursion depth exceeded
workflow: Exception processing audio file C:\Users\Ali\Desktop\Nuntius-ChannelTracker\apps\workers\pravus-generator\output\3f2c2c5b-9bd8-4e73-94ab-c1953184977e\test-1.txt: 'MockTaskManager' object has no attribute 'update_file_progress'
Traceback (most recent call last):
  File "C:\Users\Ali\Desktop\Nuntius-ChannelTracker\apps\workers\pravus-generator\src\utils\workflow.py", line 721, in _process_single_audio_file
    task_manager.update_file_progress(self.task_id, display_name, "processing", 0)
    ^^^^^^^^^^^^^^^^^^^^^^^^^^^^^^^^^
AttributeError: 'MockTaskManager' object has no attribute 'update_file_progress'

During handling of the above exception, another exception occurred:

Traceback (most recent call last):
  File "C:\Users\Ali\Desktop\Nuntius-ChannelTracker\apps\workers\pravus-generator\src\utils\workflow.py", line 814, in _process_audio_files_parallel
    result = future.result()
             ^^^^^^^^^^^^^^^
  File "C:\Users\Ali\AppData\Local\Programs\Python\Python311\Lib\concurrent\futures\_base.py", line 449, in result
    return self.__get_result()
           ^^^^^^^^^^^^^^^^^^^
  File "C:\Users\Ali\AppData\Local\Programs\Python\Python311\Lib\concurrent\futures\_base.py", line 401, in __get_result
    raise self._exception
  File "C:\Users\Ali\AppData\Local\Programs\Python\Python311\Lib\concurrent\futures\thread.py", line 58, in run
    result = self.fn(*self.args, **self.kwargs)
             ^^^^^^^^^^^^^^^^^^^^^^^^^^^^^^^^^^
  File "C:\Users\Ali\Desktop\Nuntius-ChannelTracker\apps\workers\pravus-generator\src\utils\workflow.py", line 765, in _process_single_audio_file
    _tm.update_file_progress(self.task_id, original_filename, "failed", 0)
    ^^^^^^^^^^^^^^^^^^^^^^^^
AttributeError: 'MockTaskManager' object has no attribute 'update_file_progress'
audio: Error processing audio for test-1_script: 'NoneType' object has no attribute 'convert_text'
Traceback (most recent call last):
  File "C:\Users\Ali\Desktop\Nuntius-ChannelTracker\apps\workers\pravus-generator\src\utils\audio.py", line 121, in _process_audio_for_text
    result = self.tts_converter.convert_text(
             ^^^^^^^^^^^^^^^^^^^^^^^^^^^^^^^
AttributeError: 'NoneType' object has no attribute 'convert_text'
workflow: Failed to process audio file: C:\Users\Ali\Desktop\Nuntius-ChannelTracker\apps\workers\pravus-generator\output\9e5e2413-8b16-41ee-874f-af346e6eaddd\test-1.txt
NoneType: None
audio: Error processing audio for test-1_script: 'NoneType' object has no attribute 'convert_text'
Traceback (most recent call last):
  File "C:\Users\Ali\Desktop\Nuntius-ChannelTracker\apps\workers\pravus-generator\src\utils\audio.py", line 121, in _process_audio_for_text
    result = self.tts_converter.convert_text(
             ^^^^^^^^^^^^^^^^^^^^^^^^^^^^^^^
AttributeError: 'NoneType' object has no attribute 'convert_text'
workflow: Failed to process audio file: C:\Users\Ali\Desktop\Nuntius-ChannelTracker\apps\workers\pravus-generator\output\50038976-c53a-43e3-b8e0-0b82caccc0ea\test-1.txt
NoneType: None
audio: Error processing audio for test-1_script: Voice ID '21m00Tcm4TlvDq8ikWAM' must include 'elevenlabs/' prefix
Traceback (most recent call last):
  File "C:\Users\Ali\Desktop\Nuntius-ChannelTracker\apps\workers\pravus-generator\src\utils\audio.py", line 122, in _process_audio_for_text
    result = self.tts_converter.convert_text(
             ^^^^^^^^^^^^^^^^^^^^^^^^^^^^^^^^
  File "C:\Users\Ali\Desktop\Nuntius-ChannelTracker\apps\workers\pravus-generator\src\utils\elevenlabs.py", line 138, in convert_text
    raise ValueError(f"Voice ID '{voice_id}' must include 'elevenlabs/' prefix")
ValueError: Voice ID '21m00Tcm4TlvDq8ikWAM' must include 'elevenlabs/' prefix
workflow: Failed to process audio file: C:\Users\Ali\Desktop\Nuntius-ChannelTracker\apps\workers\pravus-generator\output\6dfa816a-e04d-45e9-afd4-23578d4111b7\test-1.txt
NoneType: None
